kind: pipeline
type: docker
name: with_template_1
steps:
  - name:  MY_STEP
    image: my_image
    commands:
      - my_command
---
kind: pipeline
type: docker
name: with_template_2
steps:
  - name:  MY_STEP
    image: my_image
    commands:
      - my_command
---
